// Jest Snapshot v1, https://goo.gl/fbAQLP

exports[`ComponentOne Snapshot testing 1`] = `
<div>
  COMPONENT ONE
</div>
`;
